$ vitest run --reporter=dot

 RUN  v5.0.2 D:/laminate-planner

·············································································································································································································································································································································································································································································································································································································································································································································································································

 Test Files  38 passed (38)
      Tests  781 passed (781)
   Start at  18:47:43
   Duration  22.83s (tests 66%, import 27%, transform 6%)

